** Drc report for ICARUS_1U_Solar_Panel_PCB_v0p7.kicad_pcb **
** Created on 2026-05-28T17:55:46 **
** Report includes: Errors, Warnings, Exclusions **

** Found 3 DRC violations **
[lib_footprint_issues]: A biblioteca de footprints 'ICARUS_Solar' não está ativada na configuração atual
    Local override; warning
    @(105.0000 mm, 84.4250 mm): Footprint SC1
[lib_footprint_issues]: A biblioteca de footprints 'ICARUS_Solar' não está ativada na configuração atual
    Local override; warning
    @(105.0000 mm, 125.5750 mm): Footprint SC2
[lib_footprint_issues]: A biblioteca de footprints 'ICARUS_Connector' não está ativada na configuração atual
    Local override; warning
    @(105.0000 mm, 150.0000 mm): Footprint J1

** Found 0 unconnected pads **

** Found 0 Footprint errors **

** Ignored checks **
    - Footprint has no courtyard defined
    - Track endpoint not centered on via
    - Tuning profile track geometries
    - Footprint doesn't match symbol's footprint filters
    - PTH inside courtyard
    - NPTH inside courtyard
    - Footprint component type doesn't match footprint pads

** End of Report **
